[02] Created: box= 54 cyl= 91 sph= 110
[02] OpSeq BEFORE openFeature:
  20: CC_RollbackBar "RollbackBar"
  24: CC_WorkPointReference "OriginRef"
  28: CC_WorkAxisReference "XAxisRef"
  32: CC_WorkAxisReference "YAxisRef"
  36: CC_WorkAxisReference "ZAxisRef"
  40: CC_WorkPlaneReference "TopRef"
  44: CC_WorkPlaneReference "FrontRef"
  48: CC_WorkPlaneReference "RightRef"
  56: CC_OperationReference "BoxRef"
  93: CC_OperationReference "CylinderRef"
  112: CC_OperationReference "SphereRef"
[filewrite] files/02-open-feature-structure-opseq-before.json (1130 bytes)
[02] openFeature result: null maxLevel: 31
[02] OpSeq DURING openFeature:
  20: CC_RollbackBar "RollbackBar"
  24: CC_WorkPointReference "OriginRef"
  28: CC_WorkAxisReference "XAxisRef"
  32: CC_WorkAxisReference "YAxisRef"
  36: CC_WorkAxisReference "ZAxisRef"
  40: CC_WorkPlaneReference "TopRef"
  44: CC_WorkPlaneReference "FrontRef"
  48: CC_WorkPlaneReference "RightRef"
  56: CC_OperationReference "BoxRef"
  93: CC_OperationReference "CylinderRef"
  112: CC_OperationReference "SphereRef"
[filewrite] files/02-open-feature-structure-opseq-during.json (1130 bytes)
[02] Ghost-related nodes: 0
[02] findBox: 54 findCyl: 91 findSph: 110
[02] OpSeq AFTER closeFeature:
  20: CC_RollbackBar "RollbackBar"
  24: CC_WorkPointReference "OriginRef"
  28: CC_WorkAxisReference "XAxisRef"
  32: CC_WorkAxisReference "YAxisRef"
  36: CC_WorkAxisReference "ZAxisRef"
  40: CC_WorkPlaneReference "TopRef"
  44: CC_WorkPlaneReference "FrontRef"
  48: CC_WorkPlaneReference "RightRef"
  56: CC_OperationReference "BoxRef"
  93: CC_OperationReference "CylinderRef"
  112: CC_OperationReference "SphereRef"
[filewrite] files/02-open-feature-structure-opseq-after.json (1130 bytes)
