[10] dA: 66 dB: 74 dC: 82 dD: 90
[10] updateDimension aox-45 to 30deg: 0 maxLevel= 31
[filewrite] files/10-angleox-reversed-struct-angleox-reversed.json (1277 bytes)
[10] Nodes: [
  {
    "id": 66,
    "name": "aox-45",
    "startPt": {
      "x": 1,
      "y": 0,
      "z": 0
    },
    "endPt": {
      "x": 31.819805153394636,
      "y": 31.819805153394636,
      "z": 0
    },
    "cornerPt": {
      "x": 0,
      "y": 0,
      "z": 0
    },
    "ccw": 1,
    "paramName": "30deg"
  },
  {
    "id": 74,
    "name": "aox-45-rev",
    "startPt": {
      "x": 51,
      "y": 80,
      "z": 0
    },
    "endPt": {
      "x": 18.18019484660537,
      "y": 48.180194846605374,
      "z": 0
    },
    "cornerPt": {
      "x": 50,
      "y": 80,
      "z": 0
    },
    "ccw": 1,
    "paramName": "@value"
  },
  {
    "id": 82,
    "name": "aox-neg45",
    "startPt": {
      "x": 1,
      "y": 120,
      "z": 0
    },
    "endPt": {
      "x": 31.81980515339463,
      "y": 88.18019484660537,
      "z": 0
    },
    "cornerPt": {
      "x": 0,
      "y": 120,
      "z": 0
    },
    "ccw": 1,
    "paramName": "@value"
  },
  {
    "id": 90,
    "name": "aox-neg45-rev",
    "startPt": {
      "x": 51,
      "y": 120,
      "z": 0
    },
    "endPt": {
      "x": 18.18019484660537,
      "y": 151.81980515339464,
      "z": 0
    },
    "cornerPt": {
      "x": 50,
      "y": 120,
      "z": 0
    },
    "ccw": 1,
    "paramName": "@value"
  }
]
