[17] fillet brep: [{"type":"arc","index":0,"id":170},{"type":"arc","index":1,"id":172},{"type":"line","index":0,"id":149},{"type":"line","index":1,"id":150},{"type":"line","index":2,"id":152},{"type":"line","index":3,"id":151},{"type":"line","index":4,"id":171},{"type":"line","index":5,"id":154},{"type":"line","index":6,"id":173},{"type":"line","index":7,"id":156},{"type":"line","index":8,"id":155},{"type":"line","index":9,"id":157},{"type":"line","index":10,"id":158},{"type":"line","index":11,"id":160},{"type":"line","index":12,"id":159},{"type":"face","index":0,"id":161},{"type":"face","index":1,"id":162},{"type":"face","index":2,"id":169},{"type":"face","index":3,"id":163},{"type":"face","index":4,"id":165},{"type":"face","index":5,"id":164},{"type":"face","index":6,"id":166}]
[17]   id:170 (arc idx:0) pos: [{"x":2.343145750507619,"y":2.3431457505076203,"z":0}]
[17]   id:172 (arc idx:1) pos: [{"x":2.343145750507619,"y":2.3431457505076203,"z":40}]
[17]   id:149 (line idx:0) pos: [{"x":44,"y":0,"z":0}]
[17]   id:150 (line idx:1) pos: [{"x":80,"y":30,"z":0}]
[17]   id:152 (line idx:2) pos: [{"x":0,"y":34,"z":0}]
[17]   id:151 (line idx:3) pos: [{"x":40,"y":60,"z":0}]
[17]   id:171 (line idx:4) pos: [{"x":8,"y":0,"z":20}]
[17]   id:154 (line idx:5) pos: [{"x":80,"y":0,"z":20}]
[17]   id:173 (line idx:6) pos: [{"x":0,"y":8,"z":20}]
[17]   id:156 (line idx:7) pos: [{"x":0,"y":60,"z":20}]
[17]   id:155 (line idx:8) pos: [{"x":80,"y":60,"z":20}]
[17]   id:157 (line idx:9) pos: [{"x":44,"y":0,"z":40}]
[17]   id:158 (line idx:10) pos: [{"x":80,"y":30,"z":40}]
[17]   id:160 (line idx:11) pos: [{"x":0,"y":34,"z":40}]
[17]   id:159 (line idx:12) pos: [{"x":40,"y":60,"z":40}]
[17]   id:161 (face idx:0) pos: [{"x":2.343145750507619,"y":2.3431457505076203,"z":0},{"x":0,"y":34,"z":0},{"x":40,"y":60,"z":0},{"x":80,"y":30,"z":0},{"x":44,"y":0,"z":0}]
[17]   id:162 (face idx:1) pos: [{"x":8,"y":0,"z":20},{"x":44,"y":0,"z":0},{"x":80,"y":0,"z":20},{"x":44,"y":0,"z":40}]
[17]   id:169 (face idx:2) pos: [{"x":0,"y":8,"z":20},{"x":2.343145750507619,"y":2.3431457505076203,"z":0},{"x":8,"y":0,"z":20},{"x":2.343145750507619,"y":2.3431457505076203,"z":40}]
[17]   id:163 (face idx:3) pos: [{"x":80,"y":0,"z":20},{"x":80,"y":30,"z":0},{"x":80,"y":60,"z":20},{"x":80,"y":30,"z":40}]
[17]   id:165 (face idx:4) pos: [{"x":0,"y":8,"z":20},{"x":0,"y":34,"z":40},{"x":0,"y":60,"z":20},{"x":0,"y":34,"z":0}]
[17]   id:164 (face idx:5) pos: [{"x":0,"y":60,"z":20},{"x":40,"y":60,"z":40},{"x":80,"y":60,"z":20},{"x":40,"y":60,"z":0}]
[17]   id:166 (face idx:6) pos: [{"x":2.343145750507619,"y":2.3431457505076203,"z":40},{"x":44,"y":0,"z":40},{"x":80,"y":30,"z":40},{"x":40,"y":60,"z":40},{"x":0,"y":34,"z":40}]
[17] fillet arc via position: {"arcs":[170]} maxLevel: 31
[filewrite] files/17-fillet-arcs-fillet-brep.json (6448 bytes)
