[10] batch result type: object true
[10] batch result: [
  {
    "id": 121,
    "mate1": {
      "csys": 107,
      "flip": "Z",
      "path": [
        113
      ],
      "reorient": "0"
    },
    "name": "FO_A",
    "xOffset": 10,
    "xRotation": 0,
    "yOffset": 0,
    "yRotation": 0,
    "zOffset": 0,
    "zRotation": 0
  },
  {
    "id": 125,
    "mate1": {
      "csys": 107,
      "flip": "Z",
      "path": [
        115
      ],
      "reorient": "0"
    },
    "name": "FO_B",
    "xOffset": 80,
    "xRotation": 0,
    "yOffset": 0,
    "yRotation": 0,
    "zOffset": 0,
    "zRotation": 0
  }
]
[10] maxLevel: 31
[filewrite] files/10-batch-get-batch-get.json (682 bytes)
