[02d] facts: {
 "coincidenceGap_JxL": 0,
 "acDist": 4.064,
 "EminusR_mm": 4.064,
 "workL_radius": 6.6548,
 "E_mm": 6.6548,
 "lgs": {
  "DimensionSet(DimensionSet)": "?",
  "ToothSpaceParam(SketchDimensionSet)": "?",
  "Auto_Fix(FixationConstraint)": 9,
  "Auto_Fix0(FixationConstraint)": 9,
  "Auto_Coinc(CoincidentConstraint)": 11,
  "FixO(FixationConstraint)": 9,
  "AxisOnO(CoincidentConstraint)": 1,
  "AxisV(VerticalConstraint)": 1,
  "BlankCtr(CoincidentConstraint)": 1,
  "RootOnAxis(CoincidentConstraint)": 1,
  "JxL(CoincidentConstraint)": 1,
  "JyL(CoincidentConstraint)": 1,
  "JpL(CoincidentConstraint)": 1,
  "JqL(CoincidentConstraint)": 1,
  "JqR(CoincidentConstraint)": 1,
  "JpR(CoincidentConstraint)": 1,
  "JyR(CoincidentConstraint)": 1,
  "JxR(CoincidentConstraint)": 1,
  "TanL(TangentSketchConstraint)": 1,
  "TanR(TangentSketchConstraint)": 1,
  "RadialL(CoincidentConstraint)": 1,
  "RadialR(CoincidentConstraint)": 1,
  "PLonOD(CoincidentConstraint)": 1,
  "PRonOD(CoincidentConstraint)": 1,
  "dRp(VerticalDistanceConstraint)": 1,
  "dRp(LinearFeatureDimension)": "?",
  "dAxisLen(OffsetConstraint)": 1,
  "dAxisLen(LinearFeatureDimension)": "?",
  "dRseat(RadiusConstraint)": 1,
  "dRseat(RadialFeatureDimension)": "?",
  "dEL(RadiusConstraint)": 1,
  "dEL(RadialFeatureDimension)": "?",
  "dER(RadiusConstraint)": 1,
  "dER(RadialFeatureDimension)": "?",
  "dMcL(HorizontalDistanceConstraint)": 1,
  "dMcL(LinearFeatureDimension)": "?",
  "dMcR(HorizontalDistanceConstraint)": 1,
  "dMc
[verify R1 after dMcL nudge] worst junction error: 4.948e+0 mm {"a":0,"xL":3.154358221,"yL":4.948012895,"PL":1.890366945,"QL":2.077259664,"QR":2.070562283,"PR":1.890366945,"yR":4.948012895,"xR":3.154358221,"cL":4.948012895,"cR2":4.948012895,"bL":0,"bR":0}
[02d] R1 nudge solver: 2
[filewrite] files/02d-morph-forensics-forensics.json (2283 bytes)
[verify R2 stepwise 21→24] worst junction error: 5.193e-1 mm {"a":0,"xL":0,"yL":0,"PL":0,"QL":0.51928366,"QR":0.409257998,"PR":0,"yR":0,"xR":0,"cL":0,"cR2":0,"bL":0,"bR":0}
