[filewrite] files/06-structure-only-06-structure-only-emission.json (1542 bytes)
Constructing Base
Sketch F3_makeBox_cad_primitives_py_8_profile
Sketch F10_makeBox_cad_primitives_py_8_profile
Sketch F17_makeCylinder_cad_primitives_py_12_profile
Sketch F23_makeCylinder_cad_primitives_py_12_profile
Sketch F29_makeCylinder_cad_primitives_py_12_profile
Sketch F35_makeCylinder_cad_primitives_py_12_profile
Sketch F41_makeBox_cad_primitives_py_8_profile
Sketch F48_makeBox_cad_primitives_py_8_profile
Sketch F55_makeCylinder_cad_primitives_py_12_profile
Sketch F61_makeCylinder_cad_primitives_py_12_profile
Sketch F67_makeCylinder_cad_primitives_py_12_profile
Sketch F73_makeCylinder_cad_primitives_py_12_profile
Sketch F79_makeBox_cad_primitives_py_8_profile
Sketch F86_makeBox_cad_primitives_py_8_profile
Sketch F93_makeCylinder_cad_primitives_py_12_profile
Sketch F99_makeCylinder_cad_primitives_py_12_profile
Sketch F105_makeCylinder_cad_primitives_py_12_profile
Sketch F111_makeCylinder_cad_primitives_py_12_profile
Sketch F117_makeBox_shell_skin_py_38_profile
Sketch F124_makeBox_cad_primitives_py_8_profile
Sketch F132_makeBox_cad_primitives_py_8_profile
Sketch F139_makeCylinder_cad_primitives_py_12_profile
Sketch F145_makeBox_cad_primitives_py_8_profile
Sketch F152_makeBox_cad_primitives_py_8_profile
Sketch F160_makeBox_cad_primitives_py_8_profile
Sketch F167_makeCylinder_cad_primitives_py_12_profile
Sketch F174_makeBox_cad_primitives_py_8_profile
Sketch F181_makeCylinder_cad_primitives_py_12_profile
Sketch F187_makeCylinder_cad_primitives_py_12_profile
Sketch F193_makeBox_cad_primitives_py_8_profile
Selecting chamfer edges F1_chamfer_shell_skin_py_17
Sketch F201_chamfer_shell_skin_py_17_middle_profile
Sketch F240_chamfer_shell_skin_py_17_middle_profile
Built Base feature 4638
Measuring Base
Saving Base
[filewrite] files/06-structure-only-06-structure-only-result.json (420 bytes)
