[filewrite] files/24-original9-Upper_shell-24-original9-Upper_shell-emission.json (1543 bytes)
Constructing Upper_shell
Sketch F48_makeBox_cad_primitives_py_8_profile
Sketch F55_makeBox_cad_primitives_py_8_profile
Sketch F62_makeCylinder_cad_primitives_py_12_profile
Sketch F68_makeCylinder_cad_primitives_py_12_profile
Sketch F74_makeCylinder_cad_primitives_py_12_profile
Sketch F80_makeCylinder_cad_primitives_py_12_profile
Sketch F86_makeBox_cad_primitives_py_8_profile
Sketch F93_makeBox_cad_primitives_py_8_profile
Sketch F100_makeCylinder_cad_primitives_py_12_profile
Sketch F106_makeCylinder_cad_primitives_py_12_profile
Sketch F112_makeCylinder_cad_primitives_py_12_profile
Sketch F118_makeCylinder_cad_primitives_py_12_profile
Sketch F124_makeBox_cad_primitives_py_8_profile
Sketch F131_makeBox_cad_primitives_py_8_profile
Sketch F138_makeCylinder_cad_primitives_py_12_profile
Sketch F144_makeCylinder_cad_primitives_py_12_profile
Sketch F150_makeCylinder_cad_primitives_py_12_profile
Sketch F156_makeCylinder_cad_primitives_py_12_profile
Sketch F162_makeBox_shell_skin_py_38_profile
Sketch F169_makeBox_cad_primitives_py_8_profile
Sketch F177_makeBox_cad_primitives_py_8_profile
Sketch F184_makeCylinder_cad_primitives_py_12_profile
Sketch F190_makeBox_cad_primitives_py_8_profile
Sketch F197_makeBox_cad_primitives_py_8_profile
Sketch F205_makeBox_cad_primitives_py_8_profile
Sketch F212_makeCylinder_cad_primitives_py_12_profile
Sketch F219_makeBox_cad_primitives_py_8_profile
Sketch F226_makeCylinder_cad_primitives_py_12_profile
Sketch F232_makeCylinder_cad_primitives_py_12_profile
Sketch F238_makeBox_cad_primitives_py_8_profile
Selecting chamfer edges F46_chamfer_shell_skin_py_17
Sketch F246_chamfer_shell_skin_py_17_middle_profile
Sketch F285_chamfer_shell_skin_py_17_middle_profile
Sketch F324_chamfer_shell_skin_py_17_middle_profile
Sketch F365_makeBox_cad_primitives_py_8_profile
Sketch F373_makeBox_cad_primitives_py_8_profile
Sketch F380_makeCylinder_cad_primitives_py_12_profile
Sketch F386_makeBox_cad_primitives_py_8_profile
Sketch F393_makeBox_cad_primitives_py_8_profile
Sketch F402_makeBox_cad_primitives_py_8_profile
Sketch F409_makeBox_cad_primitives_py_8_profile
Sketch F416_makeCylinder_cad_primitives_py_12_profile
Sketch F422_makeCylinder_cad_primitives_py_12_profile
Sketch F428_makeCylinder_cad_primitives_py_12_profile
Sketch F434_makeCylinder_cad_primitives_py_12_profile
Sketch F440_makeBox_cad_primitives_py_8_profile
Sketch F447_makeBox_cad_primitives_py_8_profile
Sketch F454_makeCylinder_cad_primitives_py_12_profile
Sketch F460_makeCylinder_cad_primitives_py_12_profile
Sketch F466_makeCylinder_cad_primitives_py_12_profile
Sketch F472_makeCylinder_cad_primitives_py_12_profile
Sketch F478_makeBox_cad_primitives_py_8_profile
Sketch F485_makeBox_cad_primitives_py_8_profile
Sketch F492_makeCylinder_cad_primitives_py_12_profile
Sketch F498_makeCylinder_cad_primitives_py_12_profile
Sketch F504_makeCylinder_cad_primitives_py_12_profile
Sketch F510_makeCylinder_cad_primitives_py_12_profile
Sketch F516_makeBox_shell_skin_py_38_profile
Sketch F523_makeBox_cad_primitives_py_8_profile
Sketch F531_makeBox_cad_primitives_py_8_profile
Sketch F538_makeCylinder_cad_primitives_py_12_profile
Sketch F544_makeBox_cad_primitives_py_8_profile
Sketch F551_makeBox_cad_primitives_py_8_profile
Sketch F559_makeBox_cad_primitives_py_8_profile
Sketch F566_makeCylinder_cad_primitives_py_12_profile
Sketch F573_makeBox_cad_primitives_py_8_profile
Sketch F580_makeCylinder_cad_primitives_py_12_profile
Sketch F586_makeCylinder_cad_primitives_py_12_profile
Sketch F592_makeBox_cad_primitives_py_8_profile
Selecting chamfer edges F400_chamfer_shell_skin_py_17
[stderr] [run] Script error: boolean F363_common_housing_shell_py_61: boolean F363_common_housing_shell_py_61: {"result":9555,"maxLevel":51,"messages":[{"api":"v1.part.boolean","code":0,"level":51,"levelStr":"ERROR","message":"[Evaluation error in Intersection.CreateCCOperation::PROC:[What to do in that case?] \nFunction: CADH_IntersectSolidNew\nFile: /Users/dev/dev/awv/classcad/runtime/Source/BaseSystemSTL/c/CADH_Service.cpp,     Line: 2754] "}],"structure":null,"graphic":null}
