[filewrite] files/24-original9-Base-24-original9-Base-emission.json (1543 bytes)
Constructing Base
Sketch F66_makeBox_cad_primitives_py_8_profile
Sketch F73_makeBox_cad_primitives_py_8_profile
Sketch F80_makeCylinder_cad_primitives_py_12_profile
Sketch F86_makeCylinder_cad_primitives_py_12_profile
Sketch F92_makeCylinder_cad_primitives_py_12_profile
Sketch F98_makeCylinder_cad_primitives_py_12_profile
Sketch F104_makeBox_cad_primitives_py_8_profile
Sketch F111_makeBox_cad_primitives_py_8_profile
Sketch F118_makeCylinder_cad_primitives_py_12_profile
Sketch F124_makeCylinder_cad_primitives_py_12_profile
Sketch F130_makeCylinder_cad_primitives_py_12_profile
Sketch F136_makeCylinder_cad_primitives_py_12_profile
Sketch F142_makeBox_cad_primitives_py_8_profile
Sketch F149_makeBox_cad_primitives_py_8_profile
Sketch F156_makeCylinder_cad_primitives_py_12_profile
Sketch F162_makeCylinder_cad_primitives_py_12_profile
Sketch F168_makeCylinder_cad_primitives_py_12_profile
Sketch F174_makeCylinder_cad_primitives_py_12_profile
Sketch F180_makeBox_shell_skin_py_38_profile
Sketch F187_makeBox_cad_primitives_py_8_profile
Sketch F195_makeBox_cad_primitives_py_8_profile
Sketch F202_makeCylinder_cad_primitives_py_12_profile
Sketch F208_makeBox_cad_primitives_py_8_profile
Sketch F215_makeBox_cad_primitives_py_8_profile
Sketch F223_makeBox_cad_primitives_py_8_profile
Sketch F230_makeCylinder_cad_primitives_py_12_profile
Sketch F237_makeBox_cad_primitives_py_8_profile
Sketch F244_makeCylinder_cad_primitives_py_12_profile
Sketch F250_makeCylinder_cad_primitives_py_12_profile
Sketch F256_makeBox_cad_primitives_py_8_profile
Selecting chamfer edges F64_chamfer_shell_skin_py_17
Sketch F264_chamfer_shell_skin_py_17_middle_profile
Sketch F303_chamfer_shell_skin_py_17_middle_profile
Sketch F342_chamfer_shell_skin_py_17_middle_profile
Sketch F383_makeBox_cad_primitives_py_8_profile
Sketch F391_makeBox_cad_primitives_py_8_profile
Sketch F398_makeCylinder_cad_primitives_py_12_profile
Sketch F404_makeBox_cad_primitives_py_8_profile
Sketch F411_makeBox_cad_primitives_py_8_profile
Sketch F420_makeBox_cad_primitives_py_8_profile
Sketch F427_makeBox_cad_primitives_py_8_profile
Sketch F434_makeCylinder_cad_primitives_py_12_profile
Sketch F440_makeCylinder_cad_primitives_py_12_profile
Sketch F446_makeCylinder_cad_primitives_py_12_profile
Sketch F452_makeCylinder_cad_primitives_py_12_profile
Sketch F458_makeBox_cad_primitives_py_8_profile
Sketch F465_makeBox_cad_primitives_py_8_profile
Sketch F472_makeCylinder_cad_primitives_py_12_profile
Sketch F478_makeCylinder_cad_primitives_py_12_profile
Sketch F484_makeCylinder_cad_primitives_py_12_profile
Sketch F490_makeCylinder_cad_primitives_py_12_profile
Sketch F496_makeBox_cad_primitives_py_8_profile
Sketch F503_makeBox_cad_primitives_py_8_profile
Sketch F510_makeCylinder_cad_primitives_py_12_profile
Sketch F516_makeCylinder_cad_primitives_py_12_profile
Sketch F522_makeCylinder_cad_primitives_py_12_profile
Sketch F528_makeCylinder_cad_primitives_py_12_profile
Sketch F534_makeBox_shell_skin_py_38_profile
Sketch F541_makeBox_cad_primitives_py_8_profile
Sketch F549_makeBox_cad_primitives_py_8_profile
Sketch F556_makeCylinder_cad_primitives_py_12_profile
Sketch F562_makeBox_cad_primitives_py_8_profile
Sketch F569_makeBox_cad_primitives_py_8_profile
Sketch F577_makeBox_cad_primitives_py_8_profile
Sketch F584_makeCylinder_cad_primitives_py_12_profile
Sketch F591_makeBox_cad_primitives_py_8_profile
Sketch F598_makeCylinder_cad_primitives_py_12_profile
Sketch F604_makeCylinder_cad_primitives_py_12_profile
Sketch F610_makeBox_cad_primitives_py_8_profile
Selecting chamfer edges F418_chamfer_shell_skin_py_17
[stderr] [run] Script error: boolean F381_common_housing_shell_py_61: boolean F381_common_housing_shell_py_61: {"result":9555,"maxLevel":51,"messages":[{"api":"v1.part.boolean","code":0,"level":51,"levelStr":"ERROR","message":"[Evaluation error in Intersection.CreateCCOperation::PROC:[What to do in that case?] \nFunction: CADH_IntersectSolidNew\nFile: /Users/dev/dev/awv/classcad/runtime/Source/BaseSystemSTL/c/CADH_Service.cpp,     Line: 2754] "}],"structure":null,"graphic":null}
