[filewrite] files/25-camera9-25-camera9-emission.json (1543 bytes)
Constructing Upper_shell
Sketch F48_makeBox_cad_primitives_py_8_profile
Sketch F55_makeBox_cad_primitives_py_8_profile
Sketch F62_makeCylinder_cad_primitives_py_12_profile
Sketch F68_makeCylinder_cad_primitives_py_12_profile
Sketch F74_makeCylinder_cad_primitives_py_12_profile
Sketch F80_makeCylinder_cad_primitives_py_12_profile
Sketch F86_makeBox_cad_primitives_py_8_profile
Sketch F93_makeBox_cad_primitives_py_8_profile
Sketch F100_makeCylinder_cad_primitives_py_12_profile
Sketch F106_makeCylinder_cad_primitives_py_12_profile
Sketch F112_makeCylinder_cad_primitives_py_12_profile
Sketch F118_makeCylinder_cad_primitives_py_12_profile
Sketch F124_makeBox_cad_primitives_py_8_profile
Sketch F131_makeBox_cad_primitives_py_8_profile
Sketch F138_makeCylinder_cad_primitives_py_12_profile
Sketch F144_makeCylinder_cad_primitives_py_12_profile
Sketch F150_makeCylinder_cad_primitives_py_12_profile
Sketch F156_makeCylinder_cad_primitives_py_12_profile
Sketch F162_makeBox_shell_skin_py_38_profile
Sketch F169_makeBox_cad_primitives_py_8_profile
Sketch F177_makeBox_cad_primitives_py_8_profile
Sketch F184_makeCylinder_cad_primitives_py_12_profile
Sketch F190_makeBox_cad_primitives_py_8_profile
Sketch F197_makeBox_cad_primitives_py_8_profile
Sketch F205_makeBox_cad_primitives_py_8_profile
Sketch F212_makeCylinder_cad_primitives_py_12_profile
Sketch F219_makeBox_cad_primitives_py_8_profile
Sketch F226_makeCylinder_cad_primitives_py_12_profile
Sketch F232_makeCylinder_cad_primitives_py_12_profile
Sketch F238_makeBox_cad_primitives_py_8_profile
Selecting chamfer edges F46_chamfer_shell_skin_py_17
Sketch F246_chamfer_shell_skin_py_17_middle_profile
Sketch F285_makeBox_cad_primitives_py_8_profile
Sketch F293_makeBox_cad_primitives_py_8_profile
Sketch F300_makeCylinder_cad_primitives_py_12_profile
Sketch F306_makeBox_cad_primitives_py_8_profile
Sketch F313_makeBox_cad_primitives_py_8_profile
Sketch F320_chamfer_shell_skin_py_17_middle_profile
Sketch F359_makeBox_cad_primitives_py_8_profile
Sketch F367_makeBox_cad_primitives_py_8_profile
Sketch F374_makeCylinder_cad_primitives_py_12_profile
Sketch F380_makeBox_cad_primitives_py_8_profile
Sketch F387_makeBox_cad_primitives_py_8_profile
Sketch F394_chamfer_shell_skin_py_17_middle_profile
Sketch F433_makeBox_cad_primitives_py_8_profile
Sketch F441_makeBox_cad_primitives_py_8_profile
Sketch F448_makeCylinder_cad_primitives_py_12_profile
Sketch F454_makeBox_cad_primitives_py_8_profile
Sketch F461_makeBox_cad_primitives_py_8_profile
Sketch F468_makeCylinder_cad_primitives_py_12_profile
Sketch F474_makeCylinder_cad_primitives_py_12_profile
Sketch F481_makeCylinder_cad_primitives_py_12_profile
Sketch F487_makeBox_cad_primitives_py_8_profile
Sketch F496_extrude_housing_components_py_153_profile
Sketch F535_makeBox_cad_primitives_py_8_profile
Sketch F542_extrude_housing_components_py_153_profile
Sketch F571_makeBox_cad_primitives_py_8_profile
Sketch F578_makeCylinder_cad_primitives_py_12_profile
Sketch F584_makeCylinder_cad_primitives_py_12_profile
Sketch F590_makeCylinder_cad_primitives_py_12_profile
Sketch F597_makeCylinder_cad_primitives_py_12_profile
Sketch F603_makeBox_cad_primitives_py_8_profile
Sketch F610_makeBox_cad_primitives_py_8_profile
Sketch F629_makeBox_cad_primitives_py_8_profile
Sketch F636_makeBox_cad_primitives_py_8_profile
Sketch F643_makeCylinder_cad_primitives_py_12_profile
Sketch F649_makeCylinder_cad_primitives_py_12_profile
Sketch F655_makeCylinder_cad_primitives_py_12_profile
Sketch F661_makeCylinder_cad_primitives_py_12_profile
Sketch F667_makeBox_cad_primitives_py_8_profile
Sketch F674_makeBox_cad_primitives_py_8_profile
Sketch F681_makeCylinder_cad_primitives_py_12_profile
Sketch F687_makeCylinder_cad_primitives_py_12_profile
Sketch F693_makeCylinder_cad_primitives_py_12_profile
Sketch F699_makeCylinder_cad_primitives_py_12_profile
Sketch F705_makeBox_cad_primitives_py_8_profile
Sketch F712_makeBox_cad_primitives_py_8_profile
Sketch F719_makeCylinder_cad_primitives_py_12_profile
Sketch F725_makeCylinder_cad_primitives_py_12_profile
Sketch F731_makeCylinder_cad_primitives_py_12_profile
Sketch F737_makeCylinder_cad_primitives_py_12_profile
Sketch F743_makeBox_shell_skin_py_38_profile
Sketch F750_makeBox_cad_primitives_py_8_profile
Sketch F758_makeBox_cad_primitives_py_8_profile
Sketch F765_makeCylinder_cad_primitives_py_12_profile
Sketch F771_makeBox_cad_primitives_py_8_profile
Sketch F778_makeBox_cad_primitives_py_8_profile
Sketch F786_makeBox_cad_primitives_py_8_profile
Sketch F793_makeCylinder_cad_primitives_py_12_profile
Sketch F800_makeBox_cad_primitives_py_8_profile
Sketch F807_makeCylinder_cad_primitives_py_12_profile
Sketch F813_makeCylinder_cad_primitives_py_12_profile
Sketch F819_makeBox_cad_primitives_py_8_profile
Selecting chamfer edges F627_chamfer_shell_skin_py_17
Sketch F827_chamfer_shell_skin_py_17_middle_profile
Sketch F866_makeBox_cad_primitives_py_8_profile
Sketch F874_makeBox_cad_primitives_py_8_profile
Sketch F881_makeCylinder_cad_primitives_py_12_profile
Sketch F887_makeBox_cad_primitives_py_8_profile
Sketch F894_makeBox_cad_primitives_py_8_profile
Sketch F901_chamfer_shell_skin_py_17_middle_profile
Sketch F940_makeBox_cad_primitives_py_8_profile
Sketch F948_makeBox_cad_primitives_py_8_profile
Sketch F955_makeCylinder_cad_primitives_py_12_profile
Sketch F961_makeBox_cad_primitives_py_8_profile
Sketch F968_makeBox_cad_primitives_py_8_profile
Sketch F975_chamfer_shell_skin_py_17_middle_profile
Sketch F1014_makeBox_cad_primitives_py_8_profile
Sketch F1022_makeBox_cad_primitives_py_8_profile
Sketch F1029_makeCylinder_cad_primitives_py_12_profile
Sketch F1035_makeBox_cad_primitives_py_8_profile
Sketch F1042_makeBox_cad_primitives_py_8_profile
Sketch F1049_makeCylinder_cad_primitives_py_12_profile
Sketch F1055_makeCylinder_cad_primitives_py_12_profile
Sketch F1062_makeCylinder_cad_primitives_py_12_profile
Sketch F1068_makeBox_cad_primitives_py_8_profile
Sketch F1077_extrude_housing_components_py_153_profile
Sketch F1116_makeBox_cad_primitives_py_8_profile
Sketch F1123_extrude_housing_components_py_153_profile
Sketch F1152_makeBox_cad_primitives_py_8_profile
Sketch F1159_makeCylinder_cad_primitives_py_12_profile
Sketch F1165_makeCylinder_cad_primitives_py_12_profile
Sketch F1171_makeCylinder_cad_primitives_py_12_profile
Sketch F1178_makeCylinder_cad_primitives_py_12_profile
Sketch F1184_makeBox_cad_primitives_py_8_profile
Sketch F1191_makeBox_cad_primitives_py_8_profile
[stderr] [run] Script error: boolean F35_union_housing_shell_py_100: boolean F35_union_housing_shell_py_100: {"result":19122,"maxLevel":51,"messages":[{"api":"v1.part.boolean","code":1121,"level":51,"levelStr":"ERROR","message":"Please check previous operation \"F617_common_housing_shell_py_100\", which resulted in non-manifold solid(s)."}],"structure":null,"graphic":null}
