[filewrite] files/26-current9-Upper_shell-26-current9-Upper_shell-emission.json (1543 bytes)
Constructing Upper_shell
Sketch F47_makeBox_cad_primitives_py_8_profile
Sketch F54_makeBox_cad_primitives_py_8_profile
Sketch F61_makeCylinder_cad_primitives_py_12_profile
Sketch F67_makeCylinder_cad_primitives_py_12_profile
Sketch F73_makeCylinder_cad_primitives_py_12_profile
Sketch F79_makeCylinder_cad_primitives_py_12_profile
Sketch F85_makeBox_cad_primitives_py_8_profile
Sketch F92_makeBox_cad_primitives_py_8_profile
Sketch F99_makeCylinder_cad_primitives_py_12_profile
Sketch F105_makeCylinder_cad_primitives_py_12_profile
Sketch F111_makeCylinder_cad_primitives_py_12_profile
Sketch F117_makeCylinder_cad_primitives_py_12_profile
Sketch F123_makeBox_cad_primitives_py_8_profile
Sketch F130_makeBox_cad_primitives_py_8_profile
Sketch F137_makeCylinder_cad_primitives_py_12_profile
Sketch F143_makeCylinder_cad_primitives_py_12_profile
Sketch F149_makeCylinder_cad_primitives_py_12_profile
Sketch F155_makeCylinder_cad_primitives_py_12_profile
Sketch F161_makeBox_shell_skin_py_38_profile
Sketch F168_makeBox_cad_primitives_py_8_profile
Sketch F176_makeBox_cad_primitives_py_8_profile
Sketch F183_makeCylinder_cad_primitives_py_12_profile
Sketch F189_makeBox_cad_primitives_py_8_profile
Sketch F196_makeBox_cad_primitives_py_8_profile
Sketch F204_makeBox_cad_primitives_py_8_profile
Sketch F211_makeCylinder_cad_primitives_py_12_profile
Sketch F218_makeBox_cad_primitives_py_8_profile
Sketch F225_makeCylinder_cad_primitives_py_12_profile
Sketch F231_makeCylinder_cad_primitives_py_12_profile
Sketch F237_makeBox_cad_primitives_py_8_profile
Selecting chamfer edges F45_chamfer_shell_skin_py_17
Sketch F245_chamfer_shell_skin_py_17_middle_profile
Sketch F284_makeBox_cad_primitives_py_8_profile
Sketch F292_makeBox_cad_primitives_py_8_profile
Sketch F299_makeCylinder_cad_primitives_py_12_profile
Sketch F305_makeBox_cad_primitives_py_8_profile
Sketch F312_makeBox_cad_primitives_py_8_profile
Sketch F319_chamfer_shell_skin_py_17_middle_profile
Sketch F358_makeBox_cad_primitives_py_8_profile
Sketch F366_makeBox_cad_primitives_py_8_profile
Sketch F373_makeCylinder_cad_primitives_py_12_profile
Sketch F379_makeBox_cad_primitives_py_8_profile
Sketch F386_makeBox_cad_primitives_py_8_profile
Sketch F393_chamfer_shell_skin_py_17_middle_profile
Sketch F432_makeBox_cad_primitives_py_8_profile
Sketch F440_makeBox_cad_primitives_py_8_profile
Sketch F447_makeCylinder_cad_primitives_py_12_profile
Sketch F453_makeBox_cad_primitives_py_8_profile
Sketch F460_makeBox_cad_primitives_py_8_profile
Sketch F467_makeCylinder_cad_primitives_py_12_profile
Sketch F473_makeCylinder_cad_primitives_py_12_profile
Sketch F480_makeCylinder_cad_primitives_py_12_profile
Sketch F486_makeBox_cad_primitives_py_8_profile
Sketch F495_extrude_housing_components_py_153_profile
Sketch F534_makeBox_cad_primitives_py_8_profile
Sketch F541_extrude_housing_components_py_153_profile
Sketch F570_makeBox_cad_primitives_py_8_profile
Sketch F577_makeCylinder_cad_primitives_py_12_profile
Sketch F583_makeCylinder_cad_primitives_py_12_profile
Sketch F589_makeCylinder_cad_primitives_py_12_profile
Sketch F596_makeCylinder_cad_primitives_py_12_profile
Sketch F602_makeBox_cad_primitives_py_8_profile
Sketch F609_makeBox_cad_primitives_py_8_profile
Sketch F616_makeBox_cad_primitives_py_8_profile
Sketch F623_makeCylinder_cad_primitives_py_12_profile
Sketch F629_makeCylinder_cad_primitives_py_12_profile
Sketch F635_makeCylinder_cad_primitives_py_12_profile
Sketch F641_makeCylinder_cad_primitives_py_12_profile
Sketch F647_makeCylinder_cad_primitives_py_12_profile
Sketch F653_makeCylinder_cad_primitives_py_12_profile
Sketch F660_makeCylinder_cad_primitives_py_12_profile
Sketch F668_makeBox_cad_primitives_py_8_profile
Sketch F675_makeBox_cad_primitives_py_8_profile
Sketch F682_makeCylinder_cad_primitives_py_12_profile
Sketch F688_makeCylinder_cad_primitives_py_12_profile
Sketch F694_makeCylinder_cad_primitives_py_12_profile
Sketch F700_makeCylinder_cad_primitives_py_12_profile
Sketch F706_makeBox_cad_primitives_py_8_profile
Sketch F713_makeBox_cad_primitives_py_8_profile
Sketch F720_makeCylinder_cad_primitives_py_12_profile
Sketch F726_makeCylinder_cad_primitives_py_12_profile
Sketch F732_makeCylinder_cad_primitives_py_12_profile
Sketch F738_makeCylinder_cad_primitives_py_12_profile
Sketch F744_makeBox_cad_primitives_py_8_profile
Sketch F751_makeBox_cad_primitives_py_8_profile
Sketch F758_makeCylinder_cad_primitives_py_12_profile
Sketch F764_makeCylinder_cad_primitives_py_12_profile
Sketch F770_makeCylinder_cad_primitives_py_12_profile
Sketch F776_makeCylinder_cad_primitives_py_12_profile
Sketch F782_makeBox_shell_skin_py_38_profile
Sketch F789_makeBox_cad_primitives_py_8_profile
Sketch F797_makeBox_cad_primitives_py_8_profile
Sketch F804_makeCylinder_cad_primitives_py_12_profile
Sketch F810_makeBox_cad_primitives_py_8_profile
Sketch F817_makeBox_cad_primitives_py_8_profile
Sketch F825_makeBox_cad_primitives_py_8_profile
Sketch F832_makeCylinder_cad_primitives_py_12_profile
Sketch F839_makeBox_cad_primitives_py_8_profile
Sketch F846_makeCylinder_cad_primitives_py_12_profile
Sketch F852_makeCylinder_cad_primitives_py_12_profile
Sketch F858_makeBox_cad_primitives_py_8_profile
Selecting chamfer edges F666_chamfer_shell_skin_py_17
Sketch F866_makeCylinder_cad_primitives_py_12_profile
Sketch F872_makeBox_cad_primitives_py_8_profile
Sketch F879_makeBox_cad_primitives_py_8_profile
Sketch F886_makeBox_cad_primitives_py_8_profile
Sketch F893_makeBox_cad_primitives_py_8_profile
Sketch F900_makeBox_cad_primitives_py_8_profile
Sketch F907_makeBox_cad_primitives_py_8_profile
Sketch F914_makeBox_cad_primitives_py_8_profile
Sketch F921_makeBox_cad_primitives_py_8_profile
Sketch F928_makeBox_cad_primitives_py_8_profile
Sketch F935_makeBox_cad_primitives_py_8_profile
Sketch F942_makeCylinder_cad_primitives_py_12_profile
Sketch F948_makeCylinder_cad_primitives_py_12_profile
Sketch F954_makeCylinder_cad_primitives_py_12_profile
Sketch F960_makeCylinder_cad_primitives_py_12_profile
Sketch F966_makeCylinder_cad_primitives_py_12_profile
Sketch F972_makeCylinder_cad_primitives_py_12_profile
Sketch F978_makeCylinder_cad_primitives_py_12_profile
Sketch F984_makeCylinder_cad_primitives_py_12_profile
Sketch F990_makeCylinder_cad_primitives_py_12_profile
Sketch F996_makeCylinder_cad_primitives_py_12_profile
Sketch F1002_makeBox_cad_primitives_py_8_profile
Sketch F1009_makeBox_cad_primitives_py_8_profile
Sketch F1016_makeBox_cad_primitives_py_8_profile
Sketch F1023_makeBox_cad_primitives_py_8_profile
Sketch F1030_makeBox_cad_primitives_py_8_profile
Sketch F1037_makeBox_cad_primitives_py_8_profile
Sketch F1054_makeCylinder_housing_py_81_profile
Sketch F1060_makeCylinder_housing_py_81_profile
Sketch F1066_makeCylinder_housing_py_81_profile
Sketch F1072_makeCylinder_housing_py_81_local_profile
Sketch F1095_makeCylinder_housing_py_81_profile
Sketch F1101_makeCylinder_housing_py_81_profile
Sketch F1107_makeCylinder_housing_py_81_local_profile
Sketch F1116_makeCylinder_housing_py_81_local_profile
Sketch F1125_makeCylinder_housing_py_81_profile
Sketch F1131_makeCylinder_housing_py_81_profile
Sketch F1153_makeCylinder_housing_py_81_profile
Sketch F1159_makeCylinder_housing_py_81_profile
Sketch F1165_makeCylinder_housing_py_81_profile
Sketch F1171_makeCylinder_housing_py_81_local_profile
Sketch F1180_makeCylinder_housing_py_81_profile
Sketch F1186_makeCylinder_housing_py_81_local_profile
Sketch F1195_makeCylinder_housing_py_81_local_profile
Sketch F1218_makeCylinder_housing_py_81_profile
Sketch F1224_makeCylinder_housing_py_81_profile
Sketch F1230_makeCylinder_housing_py_81_local_profile
Sketch F1239_makeCylinder_housing_py_81_profile
Sketch F1245_makeCylinder_housing_py_81_local_profile
Sketch F1254_makeCylinder_housing_py_81_profile
Sketch F1264_makeCylinder_housing_py_81_profile
Sketch F1270_makeCylinder_cad_primitives_py_12_profile
Sketch F1276_makeCylinder_cad_primitives_py_12_profile
Sketch F1282_makeCylinder_cad_primitives_py_12_profile
Sketch F1288_makeCylinder_cad_primitives_py_12_profile
Sketch F1294_makeBox_cad_primitives_py_8_profile
Sketch F1301_makeCylinder_cad_primitives_py_12_profile
Sketch F1307_makeCylinder_cad_primitives_py_12_profile
Built Upper_shell feature 20692
Measuring Upper_shell
Saving Upper_shell
[filewrite] files/26-current9-Upper_shell-26-current9-Upper_shell-result.json (430 bytes)
