Constructing Base
Sketch F65_makeBox_cad_primitives_py_8_profile
Sketch F72_makeBox_cad_primitives_py_8_profile
Sketch F79_makeCylinder_cad_primitives_py_12_profile
Sketch F85_makeCylinder_cad_primitives_py_12_profile
Sketch F91_makeCylinder_cad_primitives_py_12_profile
Sketch F97_makeCylinder_cad_primitives_py_12_profile
Sketch F103_makeBox_cad_primitives_py_8_profile
Sketch F110_makeBox_cad_primitives_py_8_profile
Sketch F117_makeCylinder_cad_primitives_py_12_profile
Sketch F123_makeCylinder_cad_primitives_py_12_profile
Sketch F129_makeCylinder_cad_primitives_py_12_profile
Sketch F135_makeCylinder_cad_primitives_py_12_profile
Sketch F141_makeBox_cad_primitives_py_8_profile
Sketch F148_makeBox_cad_primitives_py_8_profile
Sketch F155_makeCylinder_cad_primitives_py_12_profile
Sketch F161_makeCylinder_cad_primitives_py_12_profile
Sketch F167_makeCylinder_cad_primitives_py_12_profile
Sketch F173_makeCylinder_cad_primitives_py_12_profile
Sketch F179_makeBox_shell_skin_py_38_profile
Sketch F186_makeBox_cad_primitives_py_8_profile
Sketch F194_makeBox_cad_primitives_py_8_profile
Sketch F201_makeCylinder_cad_primitives_py_12_profile
Sketch F207_makeBox_cad_primitives_py_8_profile
Sketch F214_makeBox_cad_primitives_py_8_profile
Sketch F222_makeBox_cad_primitives_py_8_profile
Sketch F229_makeCylinder_cad_primitives_py_12_profile
Sketch F236_makeBox_cad_primitives_py_8_profile
Sketch F243_makeCylinder_cad_primitives_py_12_profile
Sketch F249_makeCylinder_cad_primitives_py_12_profile
Sketch F255_makeBox_cad_primitives_py_8_profile
Selecting chamfer edges F63_chamfer_shell_skin_py_17
Sketch F263_chamfer_shell_skin_py_17_middle_profile
Sketch F302_makeBox_cad_primitives_py_8_profile
Sketch F310_makeBox_cad_primitives_py_8_profile
Sketch F317_makeCylinder_cad_primitives_py_12_profile
Sketch F323_makeBox_cad_primitives_py_8_profile
Sketch F330_makeBox_cad_primitives_py_8_profile
Sketch F337_chamfer_shell_skin_py_17_middle_profile
Sketch F376_makeBox_cad_primitives_py_8_profile
Sketch F384_makeBox_cad_primitives_py_8_profile
Sketch F391_makeCylinder_cad_primitives_py_12_profile
Sketch F397_makeBox_cad_primitives_py_8_profile
Sketch F404_makeBox_cad_primitives_py_8_profile
Sketch F411_chamfer_shell_skin_py_17_middle_profile
Sketch F450_makeBox_cad_primitives_py_8_profile
Sketch F458_makeBox_cad_primitives_py_8_profile
Sketch F465_makeCylinder_cad_primitives_py_12_profile
Sketch F471_makeBox_cad_primitives_py_8_profile
Sketch F478_makeBox_cad_primitives_py_8_profile
Sketch F485_makeCylinder_cad_primitives_py_12_profile
Sketch F491_makeCylinder_cad_primitives_py_12_profile
Sketch F498_makeCylinder_cad_primitives_py_12_profile
Sketch F504_makeBox_cad_primitives_py_8_profile
Sketch F513_extrude_housing_components_py_153_profile
Sketch F552_makeBox_cad_primitives_py_8_profile
Sketch F559_extrude_housing_components_py_153_profile
Sketch F588_makeBox_cad_primitives_py_8_profile
Sketch F595_makeCylinder_cad_primitives_py_12_profile
Sketch F601_makeCylinder_cad_primitives_py_12_profile
Sketch F607_makeCylinder_cad_primitives_py_12_profile
Sketch F614_makeCylinder_cad_primitives_py_12_profile
Sketch F620_makeBox_cad_primitives_py_8_profile
Sketch F627_makeBox_cad_primitives_py_8_profile
Sketch F634_makeBox_cad_primitives_py_8_profile
Sketch F641_makeBox_cad_primitives_py_8_profile
Sketch F648_makeBox_cad_primitives_py_8_profile
Sketch F655_makeBox_cad_primitives_py_8_profile
Sketch F662_makeBox_cad_primitives_py_8_profile
Sketch F669_makeBox_cad_primitives_py_8_profile
Sketch F676_makeBox_cad_primitives_py_8_profile
Sketch F683_makeBox_cad_primitives_py_8_profile
Sketch F690_makeBox_cad_primitives_py_8_profile
Sketch F697_makeBox_cad_primitives_py_8_profile
Sketch F704_makeBox_cad_primitives_py_8_profile
Sketch F711_makeBox_cad_primitives_py_8_profile
Sketch F718_makeBox_cad_primitives_py_8_profile
Sketch F725_makeBox_cad_primitives_py_8_profile
Sketch F732_makeBox_cad_primitives_py_8_profile
Sketch F739_makeBox_cad_primitives_py_8_profile
Sketch F746_makeBox_cad_primitives_py_8_profile
Sketch F753_makeBox_cad_primitives_py_8_profile
Sketch F760_makeBox_cad_primitives_py_8_profile
Sketch F767_makeBox_cad_primitives_py_8_profile
Sketch F774_makeBox_cad_primitives_py_8_profile
Sketch F781_makeBox_cad_primitives_py_8_profile
Sketch F788_makeBox_cad_primitives_py_8_profile
Sketch F795_makeBox_cad_primitives_py_8_profile
Sketch F802_makeBox_cad_primitives_py_8_profile
Sketch F809_makeBox_cad_primitives_py_8_profile
Sketch F816_makeBox_cad_primitives_py_8_profile
Sketch F823_makeBox_cad_primitives_py_8_profile
Sketch F830_makeBox_cad_primitives_py_8_profile
Sketch F837_makeBox_cad_primitives_py_8_profile
Sketch F844_makeBox_cad_primitives_py_8_profile
Sketch F851_makeBox_cad_primitives_py_8_profile
Sketch F858_makeBox_cad_primitives_py_8_profile
Sketch F865_makeBox_cad_primitives_py_8_profile
Sketch F872_makeBox_cad_primitives_py_8_profile
Sketch F879_makeBox_cad_primitives_py_8_profile
Sketch F886_makeBox_cad_primitives_py_8_profile
Sketch F893_makeBox_cad_primitives_py_8_profile
Sketch F900_makeBox_cad_primitives_py_8_profile
Sketch F907_makeBox_cad_primitives_py_8_profile
Sketch F914_makeBox_cad_primitives_py_8_profile
Sketch F921_makeBox_cad_primitives_py_8_profile
Sketch F928_makeBox_cad_primitives_py_8_profile
Sketch F935_makeBox_cad_primitives_py_8_profile
Sketch F942_makeBox_cad_primitives_py_8_profile
Sketch F949_makeBox_cad_primitives_py_8_profile
Sketch F956_makeBox_cad_primitives_py_8_profile
Sketch F963_makeBox_cad_primitives_py_8_profile
Sketch F971_makeCylinder_cad_primitives_py_12_profile
Sketch F977_makeBox_cad_primitives_py_8_profile
Sketch F984_makeBox_cad_primitives_py_8_profile
Sketch F991_makeCylinder_cad_primitives_py_12_profile
Sketch F997_makeCylinder_cad_primitives_py_12_profile
Sketch F1003_makeCylinder_cad_primitives_py_12_profile
Sketch F1009_makeCylinder_cad_primitives_py_12_profile
Sketch F1015_makeCylinder_cad_primitives_py_12_profile
Sketch F1021_makeCylinder_cad_primitives_py_12_profile
Sketch F1027_makeCylinder_cad_primitives_py_12_profile
Sketch F1033_makeCylinder_cad_primitives_py_12_profile
Sketch F1039_makeCylinder_cad_primitives_py_12_profile
Sketch F1045_makeCylinder_cad_primitives_py_12_profile
Sketch F1051_makeCylinder_cad_primitives_py_12_profile
Sketch F1057_makeCylinder_cad_primitives_py_12_profile
Sketch F1064_makeCylinder_cad_primitives_py_12_profile
Sketch F1072_makeBox_cad_primitives_py_8_profile
Sketch F1079_makeBox_cad_primitives_py_8_profile
Sketch F1086_makeCylinder_cad_primitives_py_12_profile
Sketch F1092_makeCylinder_cad_primitives_py_12_profile
Sketch F1098_makeCylinder_cad_primitives_py_12_profile
Sketch F1104_makeCylinder_cad_primitives_py_12_profile
Sketch F1110_makeBox_cad_primitives_py_8_profile
Sketch F1117_makeBox_cad_primitives_py_8_profile
Sketch F1124_makeCylinder_cad_primitives_py_12_profile
Sketch F1130_makeCylinder_cad_primitives_py_12_profile
Sketch F1136_makeCylinder_cad_primitives_py_12_profile
Sketch F1142_makeCylinder_cad_primitives_py_12_profile
Sketch F1148_makeBox_cad_primitives_py_8_profile
Sketch F1155_makeBox_cad_primitives_py_8_profile
Sketch F1162_makeCylinder_cad_primitives_py_12_profile
Sketch F1168_makeCylinder_cad_primitives_py_12_profile
Sketch F1174_makeCylinder_cad_primitives_py_12_profile
Sketch F1180_makeCylinder_cad_primitives_py_12_profile
Sketch F1186_makeBox_shell_skin_py_38_profile
Sketch F1193_makeBox_cad_primitives_py_8_profile
Sketch F1201_makeBox_cad_primitives_py_8_profile
Sketch F1208_makeCylinder_cad_primitives_py_12_profile
Sketch F1214_makeBox_cad_primitives_py_8_profile
Sketch F1221_makeBox_cad_primitives_py_8_profile
Sketch F1229_makeBox_cad_primitives_py_8_profile
Sketch F1236_makeCylinder_cad_primitives_py_12_profile
Sketch F1243_makeBox_cad_primitives_py_8_profile
Sketch F1250_makeCylinder_cad_primitives_py_12_profile
Sketch F1256_makeCylinder_cad_primitives_py_12_profile
Sketch F1262_makeBox_cad_primitives_py_8_profile
Selecting chamfer edges F1070_chamfer_shell_skin_py_17
Sketch F1270_makeCylinder_cad_primitives_py_12_profile
Sketch F1276_makeCylinder_cad_primitives_py_12_profile
Sketch F1282_makeBox_cad_primitives_py_8_profile
Sketch F1289_makeBox_cad_primitives_py_8_profile
Sketch F1296_makeBox_cad_primitives_py_8_profile
Sketch F1303_makeBox_cad_primitives_py_8_profile
Sketch F1310_makeBox_cad_primitives_py_8_profile
Sketch F1317_makeBox_cad_primitives_py_8_profile
Sketch F1324_makeBox_cad_primitives_py_8_profile
Sketch F1331_makeBox_cad_primitives_py_8_profile
Sketch F1338_makeBox_cad_primitives_py_8_profile
Sketch F1355_makeCylinder_housing_py_81_profile
Sketch F1361_makeCylinder_housing_py_81_profile
Sketch F1367_makeCylinder_housing_py_81_profile
Sketch F1373_makeCylinder_housing_py_81_local_profile
Sketch F1396_makeCylinder_housing_py_81_profile
Sketch F1402_makeCylinder_housing_py_81_profile
Sketch F1408_makeCylinder_housing_py_81_local_profile
Sketch F1417_makeCylinder_housing_py_81_local_profile
Sketch F1426_makeCylinder_housing_py_81_profile
Sketch F1432_makeCylinder_housing_py_81_profile
Sketch F1454_makeCylinder_housing_py_81_profile
Sketch F1460_makeCylinder_housing_py_81_profile
Sketch F1466_makeCylinder_housing_py_81_profile
Sketch F1472_makeCylinder_housing_py_81_local_profile
Sketch F1481_makeCylinder_housing_py_81_profile
Sketch F1487_makeCylinder_housing_py_81_local_profile
Sketch F1496_makeCylinder_housing_py_81_local_profile
Sketch F1519_makeCylinder_housing_py_81_profile
Sketch F1525_makeCylinder_housing_py_81_profile
Sketch F1531_makeCylinder_housing_py_81_local_profile
Sketch F1540_makeCylinder_housing_py_81_profile
Sketch F1546_makeCylinder_housing_py_81_local_profile
Sketch F1555_makeCylinder_housing_py_81_profile
Sketch F1565_makeCylinder_housing_py_81_profile
Sketch F1571_makeBox_cad_primitives_py_8_profile
Sketch F1578_makeBox_cad_primitives_py_8_profile
Sketch F1587_makeCylinder_cad_primitives_py_12_profile
Sketch F1593_makeCylinder_cad_primitives_py_12_profile
Sketch F1599_makeCylinder_cad_primitives_py_12_profile
Sketch F1605_makeCylinder_cad_primitives_py_12_profile
Sketch F1611_makeCylinder_cad_primitives_py_12_profile
Sketch F1619_makeCylinder_cad_primitives_py_12_profile
Sketch F1625_makeBox_cad_primitives_py_8_profile
Sketch F1632_makeBox_cad_primitives_py_8_profile
Sketch F1639_makeBox_cad_primitives_py_8_profile
Sketch F1648_extrude_housing_components_py_153_profile
Sketch F1687_makeBox_cad_primitives_py_8_profile
Sketch F1694_extrude_housing_components_py_153_profile
Sketch F1723_makeBox_cad_primitives_py_8_profile
Sketch F1730_makeCylinder_cad_primitives_py_12_profile
Sketch F1736_makeCylinder_cad_primitives_py_12_profile
Sketch F1742_makeCylinder_cad_primitives_py_12_profile
Sketch F1748_makeCylinder_cad_primitives_py_12_profile
Sketch F1754_makeCylinder_cad_primitives_py_12_profile
Sketch F1760_makeCylinder_cad_primitives_py_12_profile
Sketch F1766_makeCylinder_cad_primitives_py_12_profile
Sketch F1772_makeCylinder_cad_primitives_py_12_profile
Sketch F1778_makeCylinder_cad_primitives_py_12_profile
Sketch F1784_makeCylinder_cad_primitives_py_12_profile
Sketch F1790_makeCylinder_cad_primitives_py_12_profile
Sketch F1796_makeCylinder_cad_primitives_py_12_profile
Built Base feature 29583
Measuring Base
Saving Base
[filewrite] files/production-Base-Base-production.json (403 bytes)
[run] Log saved: /Users/dev/dev/awv/classcad-ai/workspace/training/2026-09-16_12-50-53_pvs-cavity-boolean/files/production-Base.log (225 lines)
