[08] getPlanar full result: {
  "id": 216,
  "mate1": {
    "csys": 107,
    "flip": "Z",
    "path": [
      204
    ],
    "reorient": "0"
  },
  "mate2": {
    "csys": 198,
    "flip": "-Z",
    "path": [
      206
    ],
    "reorient": "180"
  },
  "name": "FullTest",
  "xOffsetLimits": {
    "max": 60,
    "min": 10
  },
  "yOffsetLimits": {
    "max": 40,
    "min": 5
  },
  "zOffset": 25,
  "zRotationLimits": {
    "max": 1.5707963267948966,
    "min": -0.7853981633974483
  }
}
[08] maxLevel: 31
[08] getPlanar non-existent result: null maxLevel: 51
[08] zRotationLimits min: -0.7853981633974483 max: 1.5707963267948966
[08] expected min≈-0.7854 (-45deg), max≈1.5708 (90deg)
[filewrite] files/08-getPlanar-full-getPlanar-full.json (604 bytes)
