[06] line: index 0 → id 98 → index 0 ✓
[06] line: index 1 → id 101 → index 1 ✓
[06] line: index 2 → id 99 → index 2 ✓
[06] line: index 3 → id 100 → index 3 ✓
[06] line: index 4 → id 102 → index 4 ✓
[06] line: index 5 → id 103 → index 5 ✓
[06] line: index 6 → id 105 → index 6 ✓
[06] line: index 7 → id 104 → index 7 ✓
[06] line: index 8 → id 106 → index 8 ✓
[06] line: index 9 → id 109 → index 9 ✓
[06] line: index 10 → id 107 → index 10 ✓
[06] line: index 11 → id 108 → index 11 ✓
[06] face: index 0 → id 110 → index 0 ✓
[06] face: index 1 → id 111 → index 1 ✓
[06] face: index 2 → id 114 → index 2 ✓
[06] face: index 3 → id 112 → index 3 ✓
[06] face: index 4 → id 113 → index 4 ✓
[06] face: index 5 → id 115 → index 5 ✓
[06] point: index 0 → id 90 → index 0 ✓
[06] point: index 1 → id 91 → index 1 ✓
[06] point: index 2 → id 93 → index 2 ✓
[06] point: index 3 → id 92 → index 3 ✓
[06] point: index 4 → id 94 → index 4 ✓
[06] point: index 5 → id 95 → index 5 ✓
[06] point: index 6 → id 97 → index 6 ✓
[06] point: index 7 → id 96 → index 7 ✓
[06] All round-trips match: true
[filewrite] files/06-round-trip-round-trips.json (2890 bytes)
