[17] all defaults: 4 constraints
  - CC_2DFixationConstraint (Auto_Fix)
  - CC_2DHorizontalConstraint (Auto_H)
  - CC_2DCoincidentConstraint (Auto_Coinc)
  - CC_2DVerticalConstraint (Auto_V)
[17] genFixation=false: 7 constraints
  - CC_2DFixationConstraint (Auto_Fix)
  - CC_2DHorizontalConstraint (Auto_H)
  - CC_2DCoincidentConstraint (Auto_Coinc)
  - CC_2DVerticalConstraint (Auto_V)
  - CC_2DHorizontalConstraint (Auto_H)
  - CC_2DCoincidentConstraint (Auto_Coinc)
  - CC_2DVerticalConstraint (Auto_V)
[17] genIncidence=false: 10 constraints
  - CC_2DFixationConstraint (Auto_Fix)
  - CC_2DHorizontalConstraint (Auto_H)
  - CC_2DCoincidentConstraint (Auto_Coinc)
  - CC_2DVerticalConstraint (Auto_V)
  - CC_2DHorizontalConstraint (Auto_H)
  - CC_2DCoincidentConstraint (Auto_Coinc)
  - CC_2DVerticalConstraint (Auto_V)
  - CC_2DFixationConstraint (Auto_Fix)
  - CC_2DHorizontalConstraint (Auto_H)
  - CC_2DVerticalConstraint (Auto_V)
[17] genVertAndHoriz=false: 12 constraints
  - CC_2DFixationConstraint (Auto_Fix)
  - CC_2DHorizontalConstraint (Auto_H)
  - CC_2DCoincidentConstraint (Auto_Coinc)
  - CC_2DVerticalConstraint (Auto_V)
  - CC_2DHorizontalConstraint (Auto_H)
  - CC_2DCoincidentConstraint (Auto_Coinc)
  - CC_2DVerticalConstraint (Auto_V)
  - CC_2DFixationConstraint (Auto_Fix)
  - CC_2DHorizontalConstraint (Auto_H)
  - CC_2DVerticalConstraint (Auto_V)
  - CC_2DFixationConstraint (Auto_Fix)
  - CC_2DCoincidentConstraint (Auto_Coinc)
[17] all OFF: 12 constraints
  - CC_2DFixationConstraint (Auto_Fix)
  - CC_2DHorizontalConstraint (Auto_H)
  - CC_2DCoincidentConstraint (Auto_Coinc)
  - CC_2DVerticalConstraint (Auto_V)
  - CC_2DHorizontalConstraint (Auto_H)
  - CC_2DCoincidentConstraint (Auto_Coinc)
  - CC_2DVerticalConstraint (Auto_V)
  - CC_2DFixationConstraint (Auto_Fix)
  - CC_2DHorizontalConstraint (Auto_H)
  - CC_2DVerticalConstraint (Auto_V)
  - CC_2DFixationConstraint (Auto_Fix)
  - CC_2DCoincidentConstraint (Auto_Coinc)
[filewrite] files/17-constraint-flags-proper-constraint-flags-proper.json (2316 bytes)
