[18] all-defaults: 4 constraints
  - CC_2DFixationConstraint (Auto_Fix)
  - CC_2DHorizontalConstraint (Auto_H)
  - CC_2DCoincidentConstraint (Auto_Coinc)
  - CC_2DVerticalConstraint (Auto_V)
[18] no-fixation: 4 constraints
  - CC_2DFixationConstraint (Auto_Fix)
  - CC_2DHorizontalConstraint (Auto_H)
  - CC_2DCoincidentConstraint (Auto_Coinc)
  - CC_2DVerticalConstraint (Auto_V)
[18] no-incidence: 4 constraints
  - CC_2DFixationConstraint (Auto_Fix)
  - CC_2DHorizontalConstraint (Auto_H)
  - CC_2DCoincidentConstraint (Auto_Coinc)
  - CC_2DVerticalConstraint (Auto_V)
[18] no-vert-horiz: 4 constraints
  - CC_2DFixationConstraint (Auto_Fix)
  - CC_2DHorizontalConstraint (Auto_H)
  - CC_2DCoincidentConstraint (Auto_Coinc)
  - CC_2DVerticalConstraint (Auto_V)
[18] all-off: 4 constraints
  - CC_2DFixationConstraint (Auto_Fix)
  - CC_2DHorizontalConstraint (Auto_H)
  - CC_2DCoincidentConstraint (Auto_Coinc)
  - CC_2DVerticalConstraint (Auto_V)
[filewrite] files/18-constraint-flags-isolated-constraint-flags-isolated.json (1316 bytes)
