[03] CC_Cylinder: id=52 maxLevel=31
[03] CC_Sphere: id=null maxLevel=51
[03] CC_Cone: id=null maxLevel=51
[03] CC_Extrusion: id=null maxLevel=51
[03] CC_Revolve: id=null maxLevel=51
[03] CC_Boolean: id=null maxLevel=51
[03] CC_Fillet: id=null maxLevel=51
[03] CC_Chamfer: id=null maxLevel=51
[03] CC_Sketch: id=null maxLevel=51
[03] CC_WorkPlane: id=null maxLevel=51
[03] CC_WorkAxis: id=null maxLevel=51
[03] CC_WorkPoint: id=null maxLevel=51
[03] CC_WorkCSys: id=null maxLevel=51
[03] CC_Mirror: id=null maxLevel=51
[03] CC_LinearPattern: id=null maxLevel=51
[03] CC_CircularPattern: id=null maxLevel=51
[03] CC_Translation: id=null maxLevel=51
[03] CC_Rotation: id=null maxLevel=51
[03] CC_EntityInjection: id=null maxLevel=51
[03] CC_Slice: id=null maxLevel=51
[03] CC_Twist: id=null maxLevel=51
[filewrite] files/03-various-types-type-results.json (7187 bytes)
