[04] CC_Box: FAIL Set the parameter "id" = VOID is not allowed in this situation!
[04] CC_Cylinder: FAIL Set the parameter "id" = VOID is not allowed in this situation!
[04] CC_Sphere: FAIL Set the parameter "id" = VOID is not allowed in this situation!
[04] CC_Cone: FAIL Set the parameter "id" = VOID is not allowed in this situation!
[04] CC_Extrusion: FAIL Set the parameter "id" = VOID is not allowed in this situation!
[04] CC_Revolve: FAIL Set the parameter "id" = VOID is not allowed in this situation!
[04] CC_Boolean: FAIL Set the parameter "id" = VOID is not allowed in this situation!
[04] CC_Fillet: FAIL Set the parameter "id" = VOID is not allowed in this situation!
[04] CC_Chamfer: FAIL Set the parameter "id" = VOID is not allowed in this situation!
[04] CC_Sketch: FAIL Set the parameter "id" = VOID is not allowed in this situation!
[04] CC_WorkPlane: FAIL Set the parameter "id" = VOID is not allowed in this situation!
[04] CC_WorkAxis: FAIL Set the parameter "id" = VOID is not allowed in this situation!
[04] CC_WorkPoint: FAIL Set the parameter "id" = VOID is not allowed in this situation!
[04] CC_WorkCSys: FAIL Set the parameter "id" = VOID is not allowed in this situation!
[04] CC_Mirror: FAIL Set the parameter "id" = VOID is not allowed in this situation!
[04] CC_LinearPattern: FAIL Set the parameter "id" = VOID is not allowed in this situation!
[04] CC_CircularPattern: FAIL Set the parameter "id" = VOID is not allowed in this situation!
[04] CC_Translation: FAIL Set the parameter "id" = VOID is not allowed in this situation!
[04] CC_Rotation: FAIL Set the parameter "id" = VOID is not allowed in this situation!
[04] CC_EntityInjection: FAIL Set the parameter "id" = VOID is not allowed in this situation!
[04] CC_Slice: FAIL Set the parameter "id" = VOID is not allowed in this situation!
[04] CC_Twist: FAIL Set the parameter "id" = VOID is not allowed in this situation!
[04] CC_SliceBySheet: FAIL Set the parameter "id" = VOID is not allowed in this situation!
[04] CC_EntityDeletion: FAIL Set the parameter "id" = VOID is not allowed in this situation!
[04] CC_ImportFeature: FAIL Set the parameter "id" = VOID is not allowed in this situation!
[04] CC_CompositeCurve: FAIL Set the parameter "id" = VOID is not allowed in this situation!
[04] CC_TransformationByCSys: FAIL Set the parameter "id" = VOID is not allowed in this situation!
[04] CC_Expression: FAIL Set the parameter "id" = VOID is not allowed in this situation!
[filewrite] files/04-types-with-commit-all-types.json (4768 bytes)
