[02] Centers: {
  "lobeC": {
    "x": 0.75,
    "y": 0.1875
  },
  "hub1750": {
    "x": 1,
    "y": 0
  },
  "upperHole": {
    "x": 1,
    "y": 0.75
  },
  "hole1125": {
    "x": 2.2,
    "y": 0
  },
  "r1750C": {
    "x": 1.5,
    "y": 2
  },
  "r1375C": {
    "x": 3.312,
    "y": -0.5
  },
  "r875_1": {
    "x": 4.469649727762234,
    "y": 1.7558641071021843
  },
  "r875_2": {
    "x": 5.594528044713678,
    "y": 0.4152863316439728
  },
  "r625_1": {
    "x": 3.098257743945913,
    "y": 0.27877777694936123
  },
  "r625_2": {
    "x": 3.901742256054087,
    "y": -0.6787777769493613
  },
  "r438_1": {
    "x": 3.9845034700762736,
    "y": 0.7783150757726517
  },
  "r438_2": {
    "x": 4.547585416161682,
    "y": 0.1072601436004269
  },
  "armBase": {
    "x": 3.5,
    "y": -0.2
  },
  "armTip": {
    "x": 5.032088886237956,
    "y": 1.0855752193730785
  }
}
[filewrite] files/02-computed-layout-computed-centers.json (857 bytes)
