[08] 1. R.750 top: (0.750, 0.188), r=0.75
[08] 2. R.750 bot: (0.750, -0.188), r=0.75
[08] 3. R.437 top: (0.750, 0.188), r=0.437
[08] 4. R.437 bot: (0.750, -0.188), r=0.437
[08] 5. Ø1.625: (1.750, 0.750), r=0.8125
[08] 6. Ø0.750: (1.750, 0.750), r=0.375
[08] 7. Ø1.750: (1.750, 0.000), r=0.875
[08] 8. Ø1.125: (1.750, 0.000), r=0.5625
[08] 9. R1.750 contour: (1.750, 0.000), r=1.75
[08] 10. R1.375 contour: (4.062, 0.000), r=1.375
[08] Arm base: (4.445,0.321)
[08] Arm tip: (4.929,0.727)
[08] Arm length between centers: 0.632
[08] 11. R.875 base: (4.445, 0.321), r=0.875
[08] 12. R.875 tip: (4.929, 0.727), r=0.875
[08] 13. R.438 base: (4.445, 0.321), r=0.438
[08] 14. R.438 tip: (4.929, 0.727), r=0.438
[08] 15. R.625 upper: (3.750, 1.305), r=0.625
[08] 16. R.625 lower: (5.293, -0.534), r=0.625
[08] All 16 circles placed
